Archive member included to satisfy reference by file (symbol)

C:/ST/STM32CubeIDE_1.14.0/STM32CubeIDE/plugins/com.st.stm32cube.ide.mcu.externaltools.gnu-tools-for-stm32.11.3.rel1.win32_1.1.100.202309141235/tools/bin/../lib/gcc/arm-none-eabi/11.3.1/../../../../arm-none-eabi/lib/thumb/v7e-m+fp/hard\libc_nano.a(libc_a-exit.o)
                              C:/ST/STM32CubeIDE_1.14.0/STM32CubeIDE/plugins/com.st.stm32cube.ide.mcu.externaltools.gnu-tools-for-stm32.11.3.rel1.win32_1.1.100.202309141235/tools/bin/../lib/gcc/arm-none-eabi/11.3.1/../../../../arm-none-eabi/lib/thumb/v7e-m+fp/hard/crt0.o (exit)
C:/ST/STM32CubeIDE_1.14.0/STM32CubeIDE/plugins/com.st.stm32cube.ide.mcu.externaltools.gnu-tools-for-stm32.11.3.rel1.win32_1.1.100.202309141235/tools/bin/../lib/gcc/arm-none-eabi/11.3.1/../../../../arm-none-eabi/lib/thumb/v7e-m+fp/hard\libc_nano.a(libc_a-findfp.o)
                              C:/ST/STM32CubeIDE_1.14.0/STM32CubeIDE/plugins/com.st.stm32cube.ide.mcu.externaltools.gnu-tools-for-stm32.11.3.rel1.win32_1.1.100.202309141235/tools/bin/../lib/gcc/arm-none-eabi/11.3.1/../../../../arm-none-eabi/lib/thumb/v7e-m+fp/hard\libc_nano.a(libc_a-exit.o) (__stdio_exit_handler)
C:/ST/STM32CubeIDE_1.14.0/STM32CubeIDE/plugins/com.st.stm32cube.ide.mcu.externaltools.gnu-tools-for-stm32.11.3.rel1.win32_1.1.100.202309141235/tools/bin/../lib/gcc/arm-none-eabi/11.3.1/../../../../arm-none-eabi/lib/thumb/v7e-m+fp/hard\libc_nano.a(libc_a-fwalk.o)
                              C:/ST/STM32CubeIDE_1.14.0/STM32CubeIDE/plugins/com.st.stm32cube.ide.mcu.externaltools.gnu-tools-for-stm32.11.3.rel1.win32_1.1.100.202309141235/tools/bin/../lib/gcc/arm-none-eabi/11.3.1/../../../../arm-none-eabi/lib/thumb/v7e-m+fp/hard\libc_nano.a(libc_a-findfp.o) (_fwalk_sglue)
C:/ST/STM32CubeIDE_1.14.0/STM32CubeIDE/plugins/com.st.stm32cube.ide.mcu.externaltools.gnu-tools-for-stm32.11.3.rel1.win32_1.1.100.202309141235/tools/bin/../lib/gcc/arm-none-eabi/11.3.1/../../../../arm-none-eabi/lib/thumb/v7e-m+fp/hard\libc_nano.a(libc_a-printf.o)
                              ./Src/motor_driver.o (printf)
C:/ST/STM32CubeIDE_1.14.0/STM32CubeIDE/plugins/com.st.stm32cube.ide.mcu.externaltools.gnu-tools-for-stm32.11.3.rel1.win32_1.1.100.202309141235/tools/bin/../lib/gcc/arm-none-eabi/11.3.1/../../../../arm-none-eabi/lib/thumb/v7e-m+fp/hard\libc_nano.a(libc_a-stdio.o)
                              C:/ST/STM32CubeIDE_1.14.0/STM32CubeIDE/plugins/com.st.stm32cube.ide.mcu.externaltools.gnu-tools-for-stm32.11.3.rel1.win32_1.1.100.202309141235/tools/bin/../lib/gcc/arm-none-eabi/11.3.1/../../../../arm-none-eabi/lib/thumb/v7e-m+fp/hard\libc_nano.a(libc_a-findfp.o) (__sread)
C:/ST/STM32CubeIDE_1.14.0/STM32CubeIDE/plugins/com.st.stm32cube.ide.mcu.externaltools.gnu-tools-for-stm32.11.3.rel1.win32_1.1.100.202309141235/tools/bin/../lib/gcc/arm-none-eabi/11.3.1/../../../../arm-none-eabi/lib/thumb/v7e-m+fp/hard\libc_nano.a(libc_a-memset.o)
                              C:/ST/STM32CubeIDE_1.14.0/STM32CubeIDE/plugins/com.st.stm32cube.ide.mcu.externaltools.gnu-tools-for-stm32.11.3.rel1.win32_1.1.100.202309141235/tools/bin/../lib/gcc/arm-none-eabi/11.3.1/../../../../arm-none-eabi/lib/thumb/v7e-m+fp/hard/crt0.o (memset)
C:/ST/STM32CubeIDE_1.14.0/STM32CubeIDE/plugins/com.st.stm32cube.ide.mcu.externaltools.gnu-tools-for-stm32.11.3.rel1.win32_1.1.100.202309141235/tools/bin/../lib/gcc/arm-none-eabi/11.3.1/../../../../arm-none-eabi/lib/thumb/v7e-m+fp/hard\libc_nano.a(libc_a-closer.o)
                              C:/ST/STM32CubeIDE_1.14.0/STM32CubeIDE/plugins/com.st.stm32cube.ide.mcu.externaltools.gnu-tools-for-stm32.11.3.rel1.win32_1.1.100.202309141235/tools/bin/../lib/gcc/arm-none-eabi/11.3.1/../../../../arm-none-eabi/lib/thumb/v7e-m+fp/hard\libc_nano.a(libc_a-stdio.o) (_close_r)
C:/ST/STM32CubeIDE_1.14.0/STM32CubeIDE/plugins/com.st.stm32cube.ide.mcu.externaltools.gnu-tools-for-stm32.11.3.rel1.win32_1.1.100.202309141235/tools/bin/../lib/gcc/arm-none-eabi/11.3.1/../../../../arm-none-eabi/lib/thumb/v7e-m+fp/hard\libc_nano.a(libc_a-reent.o)
                              C:/ST/STM32CubeIDE_1.14.0/STM32CubeIDE/plugins/com.st.stm32cube.ide.mcu.externaltools.gnu-tools-for-stm32.11.3.rel1.win32_1.1.100.202309141235/tools/bin/../lib/gcc/arm-none-eabi/11.3.1/../../../../arm-none-eabi/lib/thumb/v7e-m+fp/hard\libc_nano.a(libc_a-closer.o) (errno)
C:/ST/STM32CubeIDE_1.14.0/STM32CubeIDE/plugins/com.st.stm32cube.ide.mcu.externaltools.gnu-tools-for-stm32.11.3.rel1.win32_1.1.100.202309141235/tools/bin/../lib/gcc/arm-none-eabi/11.3.1/../../../../arm-none-eabi/lib/thumb/v7e-m+fp/hard\libc_nano.a(libc_a-impure.o)
                              C:/ST/STM32CubeIDE_1.14.0/STM32CubeIDE/plugins/com.st.stm32cube.ide.mcu.externaltools.gnu-tools-for-stm32.11.3.rel1.win32_1.1.100.202309141235/tools/bin/../lib/gcc/arm-none-eabi/11.3.1/../../../../arm-none-eabi/lib/thumb/v7e-m+fp/hard\libc_nano.a(libc_a-printf.o) (_impure_ptr)
[...]
Memory Configuration

Name             Origin             Length             Attributes
RAM              0x0000000020000000 0x0000000000018000 xrw
FLASH            0x0000000008000000 0x0000000000080000 xr
*default*        0x0000000000000000 0xffffffffffffffff

Linker script and memory map

LOAD C:/ST/STM32CubeIDE_1.14.0/STM32CubeIDE/plugins/com.st.stm32cube.ide.mcu.externaltools.gnu-tools-for-stm32.11.3.rel1.win32_1.1.100.202309141235/tools/bin/../lib/gcc/arm-none-eabi/11.3.1/thumb/v7e-m+fp/hard/crti.o
LOAD C:/ST/STM32CubeIDE_1.14.0/STM32CubeIDE/plugins/com.st.stm32cube.ide.mcu.externaltools.gnu-tools-for-stm32.11.3.rel1.win32_1.1.100.202309141235/tools/bin/../lib/gcc/arm-none-eabi/11.3.1/thumb/v7e-m+fp/hard/crtbegin.o
LOAD C:/ST/STM32CubeIDE_1.14.0/STM32CubeIDE/plugins/com.st.stm32cube.ide.mcu.externaltools.gnu-tools-for-stm32.11.3.rel1.win32_1.1.100.202309141235/tools/bin/../lib/gcc/arm-none-eabi/11.3.1/../../../../arm-none-eabi/lib/thumb/v7e-m+fp/hard/crt0.o
LOAD ./Src/main.o
LOAD ./Src/motor_driver.o
LOAD ./Src/syscalls.o
LOAD ./Src/sysmem.o
LOAD ./Src/uart.o
LOAD ./Startup/startup_stm32f401retx.o
START GROUP
LOAD C:/ST/STM32CubeIDE_1.14.0/STM32CubeIDE/plugins/com.st.stm32cube.ide.mcu.externaltools.gnu-tools-for-stm32.11.3.rel1.win32_1.1.100.202309141235/tools/bin/../lib/gcc/arm-none-eabi/11.3.1/../../../../arm-none-eabi/lib/thumb/v7e-m+fp/hard\libc_nano.a
LOAD C:/ST/STM32CubeIDE_1.14.0/STM32CubeIDE/plugins/com.st.stm32cube.ide.mcu.externaltools.gnu-tools-for-stm32.11.3.rel1.win32_1.1.100.202309141235/tools/bin/../lib/gcc/arm-none-eabi/11.3.1/../../../../arm-none-eabi/lib/thumb/v7e-m+fp/hard\libm.a
END GROUP
START GROUP
LOAD C:/ST/STM32CubeIDE_1.14.0/STM32CubeIDE/plugins/com.st.stm32cube.ide.mcu.externaltools.gnu-tools-for-stm32.11.3.rel1.win32_1.1.100.202309141235/tools/bin/../lib/gcc/arm-none-eabi/11.3.1/thumb/v7e-m+fp/hard\libgcc.a
LOAD C:/ST/STM32CubeIDE_1.14.0/STM32CubeIDE/plugins/com.st.stm32cube.ide.mcu.externaltools.gnu-tools-for-stm32.11.3.rel1.win32_1.1.100.202309141235/tools/bin/../lib/gcc/arm-none-eabi/11.3.1/../../../../arm-none-eabi/lib/thumb/v7e-m+fp/hard\libc_nano.a
END GROUP
START GROUP
LOAD C:/ST/STM32CubeIDE_1.14.0/STM32CubeIDE/plugins/com.st.stm32cube.ide.mcu.externaltools.gnu-tools-for-stm32.11.3.rel1.win32_1.1.100.202309141235/tools/bin/../lib/gcc/arm-none-eabi/11.3.1/thumb/v7e-m+fp/hard\libgcc.a
LOAD C:/ST/STM32CubeIDE_1.14.0/STM32CubeIDE/plugins/com.st.stm32cube.ide.mcu.externaltools.gnu-tools-for-stm32.11.3.rel1.win32_1.1.100.202309141235/tools/bin/../lib/gcc/arm-none-eabi/11.3.1/../../../../arm-none-eabi/lib/thumb/v7e-m+fp/hard\libc_nano.a
LOAD C:/ST/STM32CubeIDE_1.14.0/STM32CubeIDE/plugins/com.st.stm32cube.ide.mcu.externaltools.gnu-tools-for-stm32.11.3.rel1.win32_1.1.100.202309141235/tools/bin/../lib/gcc/arm-none-eabi/11.3.1/../../../../arm-none-eabi/lib/thumb/v7e-m+fp/hard\libnosys.a
END GROUP
START GROUP
LOAD C:/ST/STM32CubeIDE_1.14.0/STM32CubeIDE/plugins/com.st.stm32cube.ide.mcu.externaltools.gnu-tools-for-stm32.11.3.rel1.win32_1.1.100.202309141235/tools/bin/../lib/gcc/arm-none-eabi/11.3.1/thumb/v7e-m+fp/hard\libgcc.a
LOAD C:/ST/STM32CubeIDE_1.14.0/STM32CubeIDE/plugins/com.st.stm32cube.ide.mcu.externaltools.gnu-tools-for-stm32.11.3.rel1.win32_1.1.100.202309141235/tools/bin/../lib/gcc/arm-none-eabi/11.3.1/../../../../arm-none-eabi/lib/thumb/v7e-m+fp/hard\libc_nano.a
LOAD C:/ST/STM32CubeIDE_1.14.0/STM32CubeIDE/plugins/com.st.stm32cube.ide.mcu.externaltools.gnu-tools-for-stm32.11.3.rel1.win32_1.1.100.202309141235/tools/bin/../lib/gcc/arm-none-eabi/11.3.1/../../../../arm-none-eabi/lib/thumb/v7e-m+fp/hard\libnosys.a
END GROUP
LOAD C:/ST/STM32CubeIDE_1.14.0/STM32CubeIDE/plugins/com.st.stm32cube.ide.mcu.externaltools.gnu-tools-for-stm32.11.3.rel1.win32_1.1.100.202309141235/tools/bin/../lib/gcc/arm-none-eabi/11.3.1/thumb/v7e-m+fp/hard/crtend.o
LOAD C:/ST/STM32CubeIDE_1.14.0/STM32CubeIDE/plugins/com.st.stm32cube.ide.mcu.externaltools.gnu-tools-for-stm32.11.3.rel1.win32_1.1.100.202309141235/tools/bin/../lib/gcc/arm-none-eabi/11.3.1/thumb/v7e-m+fp/hard/crtn.o
                0x0000000020018000                _estack = (ORIGIN (RAM) + LENGTH (RAM))
                0x0000000000000200                _Min_Heap_Size = 0x200
                0x0000000000000400                _Min_Stack_Size = 0x400

.isr_vector     0x0000000008000000      0x194
                0x0000000008000000                . = ALIGN (0x4)
 *(.isr_vector)
 .isr_vector    0x0000000008000000      0x194 ./Startup/startup_stm32f401retx.o
                0x0000000008000000                g_pfnVectors
                0x0000000008000194                . = ALIGN (0x4)

.text           0x0000000008000194      0xd10
                0x0000000008000194                . = ALIGN (0x4)
 *(.text)
 .text          0x0000000008000194       0x40 C:/ST/STM32CubeIDE_1.14.0/STM32CubeIDE/plugins/com.st.stm32cube.ide.mcu.externaltools.gnu-tools-for-stm32.11.3.rel1.win32_1.1.100.202309141235/tools/bin/../lib/gcc/arm-none-eabi/11.3.1/thumb/v7e-m+fp/hard/crtbegin.o
 .text          0x00000000080001d4      0x378 C:/ST/STM32CubeIDE_1.14.0/STM32CubeIDE/plugins/com.st.stm32cube.ide.mcu.externaltools.gnu-tools-for-stm32.11.3.rel1.win32_1.1.100.202309141235/tools/bin/../lib/gcc/arm-none-eabi/11.3.1/thumb/v7e-m+fp/hard\libgcc.a(_arm_addsubdf3.o)
                0x00000000080001d4                __aeabi_drsub
                0x00000000080001dc                __aeabi_dsub
                0x00000000080001dc                __subdf3
                0x00000000080001e0                __aeabi_dadd
                0x00000000080001e0                __adddf3
                0x0000000008000458                __floatunsidf
                0x0000000008000458                __aeabi_ui2d
                0x0000000008000478                __floatsidf
                0x0000000008000478                __aeabi_i2d
                0x000000000800049c                __aeabi_f2d
                0x000000000800049c                __extendsfdf2
                0x00000000080004e0                __floatundidf
                0x00000000080004e0                __aeabi_ul2d
                0x00000000080004f0                __floatdidf
                0x00000000080004f0                __aeabi_l2d
 .text          0x000000000800054c      0x424 C:/ST/STM32CubeIDE_1.14.0/STM32CubeIDE/plugins/com.st.stm32cube.ide.mcu.externaltools.gnu-tools-for-stm32.11.3.rel1.win32_1.1.100.202309141235/tools/bin/../lib/gcc/arm-none-eabi/11.3.1/thumb/v7e-m+fp/hard\libgcc.a(_arm_muldivdf3.o)
                0x000000000800054c                __aeabi_dmul
                0x000000000800054c                __muldf3
                0x00000000080007a0                __divdf3
                0x00000000080007a0                __aeabi_ddiv
 .text          0x0000000008000970       0x40 C:/ST/STM32CubeIDE_1.14.0/STM32CubeIDE/plugins/com.st.stm32cube.ide.mcu.externaltools.gnu-tools-for-stm32.11.3.rel1.win32_1.1.100.202309141235/tools/bin/../lib/gcc/arm-none-eabi/11.3.1/thumb/v7e-m+fp/hard\libgcc.a(_arm_fixunsdfsi.o)
                0x0000000008000970                __aeabi_d2uiz
                0x0000000008000970                __fixunsdfsi
 *(.text*)
 .text.main     0x00000000080009b0      0x104 ./Src/main.o
                0x00000000080009b0                main
 .text.Tim5_Ch2_Init
                0x0000000008000ab4       0xb4 ./Src/motor_driver.o
                0x0000000008000ab4                Tim5_Ch2_Init
 .text.pwm_set_frequency
                0x0000000008000b68       0x50 ./Src/motor_driver.o
                0x0000000008000b68                pwm_set_frequency
 .text.pwm_set_dutycycle
                0x0000000008000bb8       0x50 ./Src/motor_driver.o
                0x0000000008000bb8                pwm_set_dutycycle
 .text.exti8_callback
                0x0000000008000c08       0x94 ./Src/motor_driver.o
 .text.EXTI9_5_IRQHandler
                0x0000000008000c9c       0x28 ./Src/motor_driver.o
                0x0000000008000c9c                EXTI9_5_IRQHandler
 .text.exti10_callback
                0x0000000008000cc4       0x94 ./Src/motor_driver.o
 .text.EXTI15_10_IRQHandler
                0x0000000008000d58       0x28 ./Src/motor_driver.o
                0x0000000008000d58                EXTI15_10_IRQHandler
 .text.set_servo_angle
                0x0000000008000d80       0x70 ./Src/motor_driver.o
                0x0000000008000d80                set_servo_angle
 .text.Reset_Handler
                0x0000000008000df0       0x50 ./Startup/startup_stm32f401retx.o
                0x0000000008000df0                Reset_Handler
 .text.Default_Handler
                0x0000000008000e40        0x2 ./Startup/startup_stm32f401retx.o
                0x0000000008000e40                EXTI2_IRQHandler
                0x0000000008000e40                DebugMon_Handler
                0x0000000008000e40                SPI4_IRQHandler
                0x0000000008000e40                TIM1_CC_IRQHandler
                0x0000000008000e40                DMA2_Stream5_IRQHandler
                0x0000000008000e40                HardFault_Handler
                0x0000000008000e40                DMA1_Stream5_IRQHandler
                0x0000000008000e40                SysTick_Handler
                0x0000000008000e40                SDIO_IRQHandler
                0x0000000008000e40                TAMP_STAMP_IRQHandler
                0x0000000008000e40                PendSV_Handler
                0x0000000008000e40                NMI_Handler
                0x0000000008000e40                EXTI3_IRQHandler
                0x0000000008000e40                TIM1_UP_TIM10_IRQHandler
                0x0000000008000e40                I2C3_ER_IRQHandler
                0x0000000008000e40                EXTI18_OTG_FS_WKUP_IRQHandler
                0x0000000008000e40                EXTI0_IRQHandler
                0x0000000008000e40                I2C2_EV_IRQHandler
                0x0000000008000e40                DMA1_Stream2_IRQHandler
                0x0000000008000e40                UsageFault_Handler
                0x0000000008000e40                DMA2_Stream2_IRQHandler
                0x0000000008000e40                SPI1_IRQHandler
                0x0000000008000e40                TIM1_BRK_TIM9_IRQHandler
                0x0000000008000e40                DMA2_Stream3_IRQHandler
                0x0000000008000e40                USART6_IRQHandler
                0x0000000008000e40                DMA2_Stream0_IRQHandler
                0x0000000008000e40                TIM4_IRQHandler
                0x0000000008000e40                I2C1_EV_IRQHandler
                0x0000000008000e40                DMA1_Stream6_IRQHandler
                0x0000000008000e40                DMA1_Stream1_IRQHandler
                0x0000000008000e40                TIM3_IRQHandler
                0x0000000008000e40                RCC_IRQHandler
                0x0000000008000e40                Default_Handler
                0x0000000008000e40                ADC_IRQHandler
                0x0000000008000e40                DMA1_Stream7_IRQHandler
                0x0000000008000e40                TIM5_IRQHandler
                0x0000000008000e40                DMA2_Stream7_IRQHandler
                0x0000000008000e40                I2C3_EV_IRQHandler
                0x0000000008000e40                SPI2_IRQHandler
                0x0000000008000e40                MemManage_Handler
                0x0000000008000e40                DMA1_Stream0_IRQHandler
                0x0000000008000e40                SVC_Handler
                0x0000000008000e40                EXTI4_IRQHandler
                0x0000000008000e40                EXTI22_RTC_WKUP_IRQHandler
                0x0000000008000e40                TIM2_IRQHandler
                0x0000000008000e40                EXTI16_PVD_IRQHandler
                0x0000000008000e40                TIM1_TRG_COM_TIM11_IRQHandler
                0x0000000008000e40                EXTI1_IRQHandler
                0x0000000008000e40                EXTI17_RTC_Alarm_IRQHandler
                0x0000000008000e40                USART2_IRQHandler
                0x0000000008000e40                I2C2_ER_IRQHandler
                0x0000000008000e40                DMA2_Stream1_IRQHandler
                0x0000000008000e40                FLASH_IRQHandler
                0x0000000008000e40                DMA2_Stream4_IRQHandler
                0x0000000008000e40                BusFault_Handler
                0x0000000008000e40                USART1_IRQHandler
                0x0000000008000e40                OTG_FS_IRQHandler
                0x0000000008000e40                SPI3_IRQHandler
                0x0000000008000e40                DMA1_Stream4_IRQHandler
                0x0000000008000e40                I2C1_ER_IRQHandler
                0x0000000008000e40                DMA2_Stream6_IRQHandler
                0x0000000008000e40                DMA1_Stream3_IRQHandler
 *fill*         0x0000000008000e42        0x2 
 .text.__libc_init_array
                0x0000000008000e44       0x48 C:/ST/STM32CubeIDE_1.14.0/STM32CubeIDE/plugins/com.st.stm32cube.ide.mcu.externaltools.gnu-tools-for-stm32.11.3.rel1.win32_1.1.100.202309141235/tools/bin/../lib/gcc/arm-none-eabi/11.3.1/../../../../arm-none-eabi/lib/thumb/v7e-m+fp/hard\libc_nano.a(libc_a-init.o)
                0x0000000008000e44                __libc_init_array
 *(.glue_7)
 .glue_7        0x0000000008000e8c        0x0 linker stubs
 *(.glue_7t)
 .glue_7t       0x0000000008000e8c        0x0 linker stubs
 *(.eh_frame)
 .eh_frame      0x0000000008000e8c        0x0 C:/ST/STM32CubeIDE_1.14.0/STM32CubeIDE/plugins/com.st.stm32cube.ide.mcu.externaltools.gnu-tools-for-stm32.11.3.rel1.win32_1.1.100.202309141235/tools/bin/../lib/gcc/arm-none-eabi/11.3.1/thumb/v7e-m+fp/hard/crtbegin.o
 *(.init)
 .init          0x0000000008000e8c        0x4 C:/ST/STM32CubeIDE_1.14.0/STM32CubeIDE/plugins/com.st.stm32cube.ide.mcu.externaltools.gnu-tools-for-stm32.11.3.rel1.win32_1.1.100.202309141235/tools/bin/../lib/gcc/arm-none-eabi/11.3.1/thumb/v7e-m+fp/hard/crti.o
                0x0000000008000e8c                _init
 .init          0x0000000008000e90        0x8 C:/ST/STM32CubeIDE_1.14.0/STM32CubeIDE/plugins/com.st.stm32cube.ide.mcu.externaltools.gnu-tools-for-stm32.11.3.rel1.win32_1.1.100.202309141235/tools/bin/../lib/gcc/arm-none-eabi/11.3.1/thumb/v7e-m+fp/hard/crtn.o
 *(.fini)
 .fini          0x0000000008000e98        0x4 C:/ST/STM32CubeIDE_1.14.0/STM32CubeIDE/plugins/com.st.stm32cube.ide.mcu.externaltools.gnu-tools-for-stm32.11.3.rel1.win32_1.1.100.202309141235/tools/bin/../lib/gcc/arm-none-eabi/11.3.1/thumb/v7e-m+fp/hard/crti.o
                0x0000000008000e98                _fini
 .fini          0x0000000008000e9c        0x8 C:/ST/STM32CubeIDE_1.14.0/STM32CubeIDE/plugins/com.st.stm32cube.ide.mcu.externaltools.gnu-tools-for-stm32.11.3.rel1.win32_1.1.100.202309141235/tools/bin/../lib/gcc/arm-none-eabi/11.3.1/thumb/v7e-m+fp/hard/crtn.o
                0x0000000008000ea4                . = ALIGN (0x4)
                0x0000000008000ea4                _etext = .

.vfp11_veneer   0x0000000008000ea4        0x0
 .vfp11_veneer  0x0000000008000ea4        0x0 linker stubs

.v4_bx          0x0000000008000ea4        0x0
 .v4_bx         0x0000000008000ea4        0x0 linker stubs

.iplt           0x0000000008000ea4        0x0
 .iplt          0x0000000008000ea4        0x0 C:/ST/STM32CubeIDE_1.14.0/STM32CubeIDE/plugins/com.st.stm32cube.ide.mcu.externaltools.gnu-tools-for-stm32.11.3.rel1.win32_1.1.100.202309141235/tools/bin/../lib/gcc/arm-none-eabi/11.3.1/thumb/v7e-m+fp/hard/crtbegin.o

.rel.dyn        0x0000000008000ea4        0x0
 .rel.iplt      0x0000000008000ea4        0x0 C:/ST/STM32CubeIDE_1.14.0/STM32CubeIDE/plugins/com.st.stm32cube.ide.mcu.externaltools.gnu-tools-for-stm32.11.3.rel1.win32_1.1.100.202309141235/tools/bin/../lib/gcc/arm-none-eabi/11.3.1/thumb/v7e-m+fp/hard/crtbegin.o

.rodata         0x0000000008000ea4        0x0
                0x0000000008000ea4                . = ALIGN (0x4)
 *(.rodata)
 *(.rodata*)
                0x0000000008000ea4                . = ALIGN (0x4)

.ARM.extab      0x0000000008000ea4        0x0
                0x0000000008000ea4                . = ALIGN (0x4)
 *(.ARM.extab* .gnu.linkonce.armextab.*)
                0x0000000008000ea4                . = ALIGN (0x4)

.ARM            0x0000000008000ea4        0x0
                0x0000000008000ea4                . = ALIGN (0x4)
                0x0000000008000ea4                __exidx_start = .
 *(.ARM.exidx*)
                0x0000000008000ea4                __exidx_end = .
                0x0000000008000ea4                . = ALIGN (0x4)

.preinit_array  0x0000000008000ea4        0x0
                0x0000000008000ea4                . = ALIGN (0x4)
                0x0000000008000ea4                PROVIDE (__preinit_array_start = .)
 *(.preinit_array*)
                0x0000000008000ea4                PROVIDE (__preinit_array_end = .)
                0x0000000008000ea4                . = ALIGN (0x4)

.init_array     0x0000000008000ea4        0x4
                0x0000000008000ea4                . = ALIGN (0x4)
                0x0000000008000ea4                PROVIDE (__init_array_start = .)
 *(SORT_BY_NAME(.init_array.*))
 *(.init_array*)
 .init_array    0x0000000008000ea4        0x4 C:/ST/STM32CubeIDE_1.14.0/STM32CubeIDE/plugins/com.st.stm32cube.ide.mcu.externaltools.gnu-tools-for-stm32.11.3.rel1.win32_1.1.100.202309141235/tools/bin/../lib/gcc/arm-none-eabi/11.3.1/thumb/v7e-m+fp/hard/crtbegin.o
                0x0000000008000ea8                PROVIDE (__init_array_end = .)
                0x0000000008000ea8                . = ALIGN (0x4)

.fini_array     0x0000000008000ea8        0x4
                0x0000000008000ea8                . = ALIGN (0x4)
                [!provide]                        PROVIDE (__fini_array_start = .)
 *(SORT_BY_NAME(.fini_array.*))
 *(.fini_array*)
 .fini_array    0x0000000008000ea8        0x4 C:/ST/STM32CubeIDE_1.14.0/STM32CubeIDE/plugins/com.st.stm32cube.ide.mcu.externaltools.gnu-tools-for-stm32.11.3.rel1.win32_1.1.100.202309141235/tools/bin/../lib/gcc/arm-none-eabi/11.3.1/thumb/v7e-m+fp/hard/crtbegin.o
                [!provide]                        PROVIDE (__fini_array_end = .)
                0x0000000008000eac                . = ALIGN (0x4)
                0x0000000008000eac                _sidata = LOADADDR (.data)

.data           0x0000000020000000        0x0 load address 0x0000000008000eac
                0x0000000020000000                . = ALIGN (0x4)
                0x0000000020000000                _sdata = .
 *(.data)
 *(.data*)
 *(.RamFunc)
 *(.RamFunc*)
                0x0000000020000000                . = ALIGN (0x4)
                0x0000000020000000                _edata = .

.igot.plt       0x0000000020000000        0x0 load address 0x0000000008000eac
 .igot.plt      0x0000000020000000        0x0 C:/ST/STM32CubeIDE_1.14.0/STM32CubeIDE/plugins/com.st.stm32cube.ide.mcu.externaltools.gnu-tools-for-stm32.11.3.rel1.win32_1.1.100.202309141235/tools/bin/../lib/gcc/arm-none-eabi/11.3.1/thumb/v7e-m+fp/hard/crtbegin.o
                0x0000000020000000                . = ALIGN (0x4)

.bss            0x0000000020000000       0x30 load address 0x0000000008000eac
                0x0000000020000000                _sbss = .
                0x0000000020000000                __bss_start__ = _sbss
 *(.bss)
 .bss           0x0000000020000000       0x1c C:/ST/STM32CubeIDE_1.14.0/STM32CubeIDE/plugins/com.st.stm32cube.ide.mcu.externaltools.gnu-tools-for-stm32.11.3.rel1.win32_1.1.100.202309141235/tools/bin/../lib/gcc/arm-none-eabi/11.3.1/thumb/v7e-m+fp/hard/crtbegin.o
 *(.bss*)
 .bss.Encoder_A_Pin8_Last
                0x000000002000001c        0x4 ./Src/motor_driver.o
                0x000000002000001c                Encoder_A_Pin8_Last
 .bss.Encoder_A_counts
                0x0000000020000020        0x4 ./Src/motor_driver.o
                0x0000000020000020                Encoder_A_counts
 .bss.Encoder_B_Pin10_Last
                0x0000000020000024        0x4 ./Src/motor_driver.o
                0x0000000020000024                Encoder_B_Pin10_Last
 .bss.Encoder_B_counts
                0x0000000020000028        0x4 ./Src/motor_driver.o
                0x0000000020000028                Encoder_B_counts
 .bss.direction_A
                0x000000002000002c        0x1 ./Src/motor_driver.o
                0x000000002000002c                direction_A
 .bss.direction_B
                0x000000002000002d        0x1 ./Src/motor_driver.o
                0x000000002000002d                direction_B
 *(COMMON)
                0x0000000020000030                . = ALIGN (0x4)
 *fill*         0x000000002000002e        0x2 
                0x0000000020000030                _ebss = .
                0x0000000020000030                __bss_end__ = _ebss

._user_heap_stack
                0x0000000020000030      0x600 load address 0x0000000008000eac
                0x0000000020000030                . = ALIGN (0x8)
                [!provide]                        PROVIDE (end = .)
                0x0000000020000030                PROVIDE (_end = .)
                0x0000000020000230                . = (. + _Min_Heap_Size)
 *fill*         0x0000000020000030      0x200 
                0x0000000020000630                . = (. + _Min_Stack_Size)
 *fill*         0x0000000020000230      0x400 
                0x0000000020000630                . = ALIGN (0x8)

/DISCARD/
 libc.a(*)
 libm.a(*)
 libgcc.a(*)

.ARM.attributes
                0x0000000000000000       0x30
 *(.ARM.attributes)
 .ARM.attributes
                0x0000000000000000       0x1e C:/ST/STM32CubeIDE_1.14.0/STM32CubeIDE/plugins/com.st.stm32cube.ide.mcu.externaltools.gnu-tools-for-stm32.11.3.rel1.win32_1.1.100.202309141235/tools/bin/../lib/gcc/arm-none-eabi/11.3.1/thumb/v7e-m+fp/hard/crti.o
 .ARM.attributes
                0x000000000000001e       0x34 C:/ST/STM32CubeIDE_1.14.0/STM32CubeIDE/plugins/com.st.stm32cube.ide.mcu.externaltools.gnu-tools-for-stm32.11.3.rel1.win32_1.1.100.202309141235/tools/bin/../lib/gcc/arm-none-eabi/11.3.1/thumb/v7e-m+fp/hard/crtbegin.o
 .ARM.attributes
                0x0000000000000052       0x34 ./Src/main.o
 .ARM.attributes
                0x0000000000000086       0x34 ./Src/motor_driver.o
 .ARM.attributes
                0x00000000000000ba       0x21 ./Startup/startup_stm32f401retx.o
 .ARM.attributes
                0x00000000000000db       0x34 C:/ST/STM32CubeIDE_1.14.0/STM32CubeIDE/plugins/com.st.stm32cube.ide.mcu.externaltools.gnu-tools-for-stm32.11.3.rel1.win32_1.1.100.202309141235/tools/bin/../lib/gcc/arm-none-eabi/11.3.1/../../../../arm-none-eabi/lib/thumb/v7e-m+fp/hard\libc_nano.a(libc_a-init.o)
 .ARM.attributes
                0x000000000000010f       0x1e C:/ST/STM32CubeIDE_1.14.0/STM32CubeIDE/plugins/com.st.stm32cube.ide.mcu.externaltools.gnu-tools-for-stm32.11.3.rel1.win32_1.1.100.202309141235/tools/bin/../lib/gcc/arm-none-eabi/11.3.1/thumb/v7e-m+fp/hard\libgcc.a(_arm_addsubdf3.o)
 .ARM.attributes
                0x000000000000012d       0x1e C:/ST/STM32CubeIDE_1.14.0/STM32CubeIDE/plugins/com.st.stm32cube.ide.mcu.externaltools.gnu-tools-for-stm32.11.3.rel1.win32_1.1.100.202309141235/tools/bin/../lib/gcc/arm-none-eabi/11.3.1/thumb/v7e-m+fp/hard\libgcc.a(_arm_muldivdf3.o)
 .ARM.attributes
                0x000000000000014b       0x1e C:/ST/STM32CubeIDE_1.14.0/STM32CubeIDE/plugins/com.st.stm32cube.ide.mcu.externaltools.gnu-tools-for-stm32.11.3.rel1.win32_1.1.100.202309141235/tools/bin/../lib/gcc/arm-none-eabi/11.3.1/thumb/v7e-m+fp/hard\libgcc.a(_arm_fixunsdfsi.o)
 .ARM.attributes
                0x0000000000000169       0x1e C:/ST/STM32CubeIDE_1.14.0/STM32CubeIDE/plugins/com.st.stm32cube.ide.mcu.externaltools.gnu-tools-for-stm32.11.3.rel1.win32_1.1.100.202309141235/tools/bin/../lib/gcc/arm-none-eabi/11.3.1/thumb/v7e-m+fp/hard/crtn.o
OUTPUT(MotorDriver.elf elf32-littlearm)
LOAD linker stubs
LOAD C:/ST/STM32CubeIDE_1.14.0/STM32CubeIDE/plugins/com.st.stm32cube.ide.mcu.externaltools.gnu-tools-for-stm32.11.3.rel1.win32_1.1.100.202309141235/tools/bin/../lib/gcc/arm-none-eabi/11.3.1/../../../../arm-none-eabi/lib/thumb/v7e-m+fp/hard\libc.a
LOAD C:/ST/STM32CubeIDE_1.14.0/STM32CubeIDE/plugins/com.st.stm32cube.ide.mcu.externaltools.gnu-tools-for-stm32.11.3.rel1.win32_1.1.100.202309141235/tools/bin/../lib/gcc/arm-none-eabi/11.3.1/../../../../arm-none-eabi/lib/thumb/v7e-m+fp/hard\libm.a
LOAD C:/ST/STM32CubeIDE_1.14.0/STM32CubeIDE/plugins/com.st.stm32cube.ide.mcu.externaltools.gnu-tools-for-stm32.11.3.rel1.win32_1.1.100.202309141235/tools/bin/../lib/gcc/arm-none-eabi/11.3.1/thumb/v7e-m+fp/hard\libgcc.a

.comment        0x0000000000000000       0x43
 .comment       0x0000000000000000       0x43 C:/ST/STM32CubeIDE_1.14.0/STM32CubeIDE/plugins/com.st.stm32cube.ide.mcu.externaltools.gnu-tools-for-stm32.11.3.rel1.win32_1.1.100.202309141235/tools/bin/../lib/gcc/arm-none-eabi/11.3.1/thumb/v7e-m+fp/hard/crtbegin.o
                                         0x44 (size before relaxing)
 .comment       0x0000000000000043       0x44 ./Src/main.o
 .comment       0x0000000000000043       0x44 ./Src/motor_driver.o

.debug_info     0x0000000000000000     0x110a
 .debug_info    0x0000000000000000      0x1a5 ./Src/main.o
 .debug_info    0x00000000000001a5      0xf42 ./Src/motor_driver.o
 .debug_info    0x00000000000010e7       0x23 ./Startup/startup_stm32f401retx.o

.debug_abbrev   0x0000000000000000      0x3b7
 .debug_abbrev  0x0000000000000000       0xac ./Src/main.o
 .debug_abbrev  0x00000000000000ac      0x2f9 ./Src/motor_driver.o
 .debug_abbrev  0x00000000000003a5       0x12 ./Startup/startup_stm32f401retx.o

.debug_aranges  0x0000000000000000      0x168
 .debug_aranges
                0x0000000000000000       0x20 ./Src/main.o
 .debug_aranges
                0x0000000000000020      0x120 ./Src/motor_driver.o
 .debug_aranges
                0x0000000000000140       0x28 ./Startup/startup_stm32f401retx.o

.debug_rnglists
                0x0000000000000000      0x10c
 .debug_rnglists
                0x0000000000000000       0x14 ./Src/main.o
 .debug_rnglists
                0x0000000000000014       0xdf ./Src/motor_driver.o
 .debug_rnglists
                0x00000000000000f3       0x19 ./Startup/startup_stm32f401retx.o

.debug_macro    0x0000000000000000     0xe9b3
 .debug_macro   0x0000000000000000      0x1ca ./Src/main.o
 .debug_macro   0x00000000000001ca      0xaba ./Src/main.o
 .debug_macro   0x0000000000000c84       0x28 ./Src/main.o
 .debug_macro   0x0000000000000cac       0x28 ./Src/main.o
 .debug_macro   0x0000000000000cd4       0x22 ./Src/main.o
 .debug_macro   0x0000000000000cf6       0x8e ./Src/main.o
 .debug_macro   0x0000000000000d84       0x51 ./Src/main.o
 .debug_macro   0x0000000000000dd5      0x103 ./Src/main.o
 .debug_macro   0x0000000000000ed8       0x6a ./Src/main.o
 .debug_macro   0x0000000000000f42      0x1df ./Src/main.o
 .debug_macro   0x0000000000001121       0x1c ./Src/main.o
 .debug_macro   0x000000000000113d       0x22 ./Src/main.o
 .debug_macro   0x000000000000115f       0xd9 ./Src/main.o
 .debug_macro   0x0000000000001238     0x102d ./Src/main.o
 .debug_macro   0x0000000000002265      0x11f ./Src/main.o
 .debug_macro   0x0000000000002384     0xb850 ./Src/main.o
 .debug_macro   0x000000000000dbd4       0x43 ./Src/main.o
 .debug_macro   0x000000000000dc17       0x61 ./Src/main.o
 .debug_macro   0x000000000000dc78       0x2a ./Src/main.o
 .debug_macro   0x000000000000dca2       0x43 ./Src/main.o
 .debug_macro   0x000000000000dce5       0x34 ./Src/main.o
 .debug_macro   0x000000000000dd19       0x16 ./Src/main.o
 .debug_macro   0x000000000000dd2f       0x97 ./Src/main.o
 .debug_macro   0x000000000000ddc6      0x369 ./Src/main.o
 .debug_macro   0x000000000000e12f       0xfd ./Src/main.o
 .debug_macro   0x000000000000e22c       0x10 ./Src/main.o
 .debug_macro   0x000000000000e23c       0x16 ./Src/main.o
 .debug_macro   0x000000000000e252       0x43 ./Src/main.o
 .debug_macro   0x000000000000e295       0x34 ./Src/main.o
 .debug_macro   0x000000000000e2c9       0x10 ./Src/main.o
 .debug_macro   0x000000000000e2d9       0x58 ./Src/main.o
 .debug_macro   0x000000000000e331       0x8e ./Src/main.o
 .debug_macro   0x000000000000e3bf       0x1c ./Src/main.o
 .debug_macro   0x000000000000e3db      0x177 ./Src/main.o
 .debug_macro   0x000000000000e552       0x16 ./Src/main.o
 .debug_macro   0x000000000000e568       0x16 ./Src/main.o
 .debug_macro   0x000000000000e57e      0x147 ./Src/main.o
 .debug_macro   0x000000000000e6c5       0x28 ./Src/main.o
 .debug_macro   0x000000000000e6ed      0x2c6 ./Src/motor_driver.o

.debug_line     0x0000000000000000     0x159d
 .debug_line    0x0000000000000000      0x7ba ./Src/main.o
 .debug_line    0x00000000000007ba      0xd68 ./Src/motor_driver.o
 .debug_line    0x0000000000001522       0x7b ./Startup/startup_stm32f401retx.o

.debug_str      0x0000000000000000    0x53594
 .debug_str     0x0000000000000000    0x52952 ./Src/main.o
                                      0x52b3c (size before relaxing)
 .debug_str     0x0000000000052952      0xc13 ./Src/motor_driver.o
                                      0x537a2 (size before relaxing)
 .debug_str     0x0000000000053565       0x2f ./Startup/startup_stm32f401retx.o
                                         0x7f (size before relaxing)

.debug_frame    0x0000000000000000      0x5dc
 .debug_frame   0x0000000000000000       0x34 ./Src/main.o
 .debug_frame   0x0000000000000034      0x45c ./Src/motor_driver.o
 .debug_frame   0x0000000000000490       0x2c C:/ST/STM32CubeIDE_1.14.0/STM32CubeIDE/plugins/com.st.stm32cube.ide.mcu.externaltools.gnu-tools-for-stm32.11.3.rel1.win32_1.1.100.202309141235/tools/bin/../lib/gcc/arm-none-eabi/11.3.1/../../../../arm-none-eabi/lib/thumb/v7e-m+fp/hard\libc_nano.a(libc_a-init.o)
 .debug_frame   0x00000000000004bc       0xac C:/ST/STM32CubeIDE_1.14.0/STM32CubeIDE/plugins/com.st.stm32cube.ide.mcu.externaltools.gnu-tools-for-stm32.11.3.rel1.win32_1.1.100.202309141235/tools/bin/../lib/gcc/arm-none-eabi/11.3.1/thumb/v7e-m+fp/hard\libgcc.a(_arm_addsubdf3.o)
 .debug_frame   0x0000000000000568       0x50 C:/ST/STM32CubeIDE_1.14.0/STM32CubeIDE/plugins/com.st.stm32cube.ide.mcu.externaltools.gnu-tools-for-stm32.11.3.rel1.win32_1.1.100.202309141235/tools/bin/../lib/gcc/arm-none-eabi/11.3.1/thumb/v7e-m+fp/hard\libgcc.a(_arm_muldivdf3.o)
 .debug_frame   0x00000000000005b8       0x24 C:/ST/STM32CubeIDE_1.14.0/STM32CubeIDE/plugins/com.st.stm32cube.ide.mcu.externaltools.gnu-tools-for-stm32.11.3.rel1.win32_1.1.100.202309141235/tools/bin/../lib/gcc/arm-none-eabi/11.3.1/thumb/v7e-m+fp/hard\libgcc.a(_arm_fixunsdfsi.o)

.debug_line_str
                0x0000000000000000       0x73
 .debug_line_str
                0x0000000000000000       0x73 ./Startup/startup_stm32f401retx.o
                                         0x8b (size before relaxing)
