C:/Users/adeya/OneDrive/Documents/STM32F4-Baremetal_Workspace/MotorDriver/Drivers/CMSIS/Include/core_cm4.h:1688:22:__NVIC_EnableIRQ	16	static
C:/Users/adeya/OneDrive/Documents/STM32F4-Baremetal_Workspace/MotorDriver/Drivers/CMSIS/Include/core_cm4.h:1816:22:__NVIC_SetPriority	16	static
../Src/motor_driver.c:62:6:Delay	24	static
../Src/motor_driver.c:68:6:tim2_pa5_pwm	8	static
../Src/motor_driver.c:107:6:Tim2_Ch1_Init	8	static
../Src/motor_driver.c:149:6:Tim4_Ch1_Init	8	static
../Src/motor_driver.c:194:6:pwm_set_frequency	16	static
../Src/motor_driver.c:208:6:pwm_set_dutycycle	16	static
../Src/motor_driver.c:222:13:MotorPin_Init	4	static
../Src/motor_driver.c:258:6:Motor_A_Forward	16	static
../Src/motor_driver.c:266:6:Motor_A_Reverse	16	static
../Src/motor_driver.c:275:6:Motor_A_Brake	8	static
../Src/motor_driver.c:283:6:Motor_A_Status	8	static
../Src/motor_driver.c:306:6:Motor_B_Forward	16	static
../Src/motor_driver.c:315:6:Motor_B_Reverse	16	static
../Src/motor_driver.c:323:6:Motor_B_Brake	8	static
../Src/motor_driver.c:331:6:Motor_B_Status	8	static
../Src/motor_driver.c:353:6:Encoder_A_Init	8	static,ignoring_inline_asm
../Src/motor_driver.c:399:13:exti8_callback	16	static
../Src/motor_driver.c:422:6:EXTI9_5_IRQHandler	8	static
../Src/motor_driver.c:434:5:get_Encoder_A_counts	4	static
../Src/motor_driver.c:439:6:reset_Encoder_A_counts	4	static
