../Src/pwm.c:49:6:Delay	24	static
../Src/pwm.c:55:6:tim2_pa5_pwm	8	static
../Src/pwm.c:94:6:Tim2_Ch1_Init	8	static
../Src/pwm.c:136:6:Tim4_Ch1_Init	8	static
../Src/pwm.c:223:6:pwm_set_frequency	16	static
../Src/pwm.c:237:6:pwm_set_dutycycle	16	static
../Src/pwm.c:251:13:MotorPin_Init	4	static
../Src/pwm.c:285:6:Encoder_A_Init	4	static
../Src/pwm.c:361:6:Motor_A_Forward	16	static
../Src/pwm.c:369:6:Motor_A_Reverse	16	static
../Src/pwm.c:378:6:Motor_A_Brake	8	static
../Src/pwm.c:386:6:Motor_A_Status	8	static
../Src/pwm.c:409:6:Motor_B_Forward	16	static
../Src/pwm.c:418:6:Motor_B_Reverse	16	static
../Src/pwm.c:426:6:Motor_B_Brake	8	static
../Src/pwm.c:434:6:Motor_B_Status	8	static
